// Jest Snapshot v1, https://goo.gl/fbAQLP

exports[`virtualDom createElement Создаёт один элемент 1`] = `<div />`;

exports[`virtualDom createElement Создаёт один элемент с двумя атрибутами 1`] = `
<div
  tab-index="0"
/>
`;

exports[`virtualDom createElement Создаёт один элемент с двумя детьми 1`] = `
<div>
  <span />
  Some text
</div>
`;

exports[`virtualDom createElement Создаёт одну текстовую ноду 1`] = `It works!`;
